Building for debugging...
[1 / 20] SwiftJXLCore
[4 / 25] SwiftJXL_SwiftJXLCoreTests
[4 / 23] SwiftJXLCore
[6 / 25] SwiftJXLCore
[13 / 22] swiftjxl-cli-product
[15 / 25] SwiftJXLCoreTests-product
[18 / 28] SwiftJXL-product
[28 / 32] SwiftJXLCoreTests-product
Build complete! (3.14 sec)
◇ Test run started.
↳ Testing Library Version: 2084
↳ Target Platform: arm64e-apple-macos14.0
◇ Suite BrotliDecoderTests started.
◇ Suite JBRDTests started.
◇ Suite BrotliFramingTests started.
◇ Suite JPEGFrameLayoutTests started.
◇ Suite JPEGSegmentReaderTests started.
◇ Suite JPEGReconstructionEventTests started.
◇ Suite JPEGCoefficientTests started.
◇ Test completeVariableLengthCountRange() started.
◇ Test independentCompressedStreams(_:) started.
◇ Test independentJPEGReconstructionPayloads(_:) started.
◇ Test malformedHeadersAndTruncation() started.
◇ Test nonInterleavedIndicesSkipRightAndBottomPadding() started.
◇ Test malformedContextAndBlockTablesStayBounded() started.
◇ Test resourceLimitsAndCancellation() started.
◇ Test limitsAndCancellationBeforePublication() started.
◇ Test independentlyAcceptedFramingAndMetadata() started.
◇ Test inputOutputMemoryAndDeadlineAdmission() started.
◇ Test externalMetadataMustFitExactly() started.
◇ Test independentBundlesMatchOriginalJPEGFields(_:) started.
◇ Test slicedInputAndConcurrentReads() started.
◇ Test cancellationAndBoundedWork() started.
◇ Test encoderMatchesIndependentBoundaryStreams() started.
◇ Test malformedAndUnsupportedFramesRejectBeforeAllocation() started.
◇ Test compressedFeatureCoverage() started.
◇ Test longEntropyAndFillRunsHaveBoundedCheckpoints(_:) started.
◇ Test explicitEntropyVectorsAndIndependentReconstructionAgree(_:) started.
◇ Test invalidWriterShapesAndEventLimitsThrow() started.
◇ Test allDictionaryTransformsMatchIndependentReference() started.
◇ Test everyPrefixBeforeEOIIsRejected() started.
◇ Test existingCorpusScansMatchIndependentJBRD(_:) started.
◇ Test pinnedIndependentFixtures(_:) started.
◇ Test rejectsTruncationTrailingAndWrongExpansion() started.
◇ Test taskCancellationIsHonoured() started.
◇ Test unrepresentableRefinementZeroRunIsExplicitlyRejected() started.
◇ Test malformedFramingThrows(_:) started.
◇ Test cumulativeEventLimitAdmitsExactBoundaryAndRejectsBeforePublication() started.
◇ Test slicedInputHasRelativeRangesAndRetainedLifetime() started.
◇ Test preservesFillScanAndTailWithoutReparsingTail() started.
◇ Test inputCountAndTimeLimitsAreEnforced() started.
◇ Test multipleScansRetainEachBoundary() started.
◇ Test oddOffsetStuffingCannotSkipCheckpoints() started.
◇ Test metadataIdentityLengthAndSurplusAreRejected() started.
◇ Test case passing 1 argument name → "text-q0-m0" to independentCompressedStreams(_:) started.
◇ Test case passing 1 argument name → "text-q1-m0" to independentCompressedStreams(_:) started.
◇ Test case passing 1 argument name → "text-q4-m0" to independentCompressedStreams(_:) started.
◇ Test case passing 1 argument name → "gray" to independentJPEGReconstructionPayloads(_:) started.
◇ Test case passing 1 argument name → "444" to independentJPEGReconstructionPayloads(_:) started.
◇ Test storedAndMetadataBlocks() started.
◇ Test headerTruncationsAndMutationsDoNotTrap() started.
◇ Test case passing 1 argument name → "text-q6-m0" to independentCompressedStreams(_:) started.
◇ Test case passing 1 argument name → "422" to independentJPEGReconstructionPayloads(_:) started.
◇ Test case passing 1 argument name → "420" to independentJPEGReconstructionPayloads(_:) started.
◇ Test case passing 1 argument name → "text-q9-m0" to independentCompressedStreams(_:) started.
◇ Test case passing 1 argument name → "440" to independentJPEGReconstructionPayloads(_:) started.
◇ Test case passing 1 argument name → "text-q11-m0" to independentCompressedStreams(_:) started.
◇ Test case passing 1 argument name → "progressive" to independentJPEGReconstructionPayloads(_:) started.
◇ Test case passing 1 argument name → "text-q11-m1" to independentCompressedStreams(_:) started.
◇ Test case passing 1 argument name → "text-q11-m2" to independentCompressedStreams(_:) started.
◇ Test case passing 1 argument name → "restart" to independentJPEGReconstructionPayloads(_:) started.
◇ Test case passing 1 argument name → "unicode-q0-m0" to independentCompressedStreams(_:) started.
◇ Test case passing 1 argument name → "metadata-tail" to independentJPEGReconstructionPayloads(_:) started.
◇ Test case passing 1 argument name → "unicode-q1-m0" to independentCompressedStreams(_:) started.
◇ Test case passing 1 argument name → "fill-marker" to independentJPEGReconstructionPayloads(_:) started.
◇ Test case passing 1 argument name → "gray" to independentBundlesMatchOriginalJPEGFields(_:) started.
◇ Test case passing 1 argument name → "unicode-q4-m0" to independentCompressedStreams(_:) started.
◇ Test case passing 1 argument name → "progressive-edge" to independentJPEGReconstructionPayloads(_:) started.
◇ Test case passing 1 argument name → "444" to independentBundlesMatchOriginalJPEGFields(_:) started.
◇ Test case passing 1 argument name → "unicode-q6-m0" to independentCompressedStreams(_:) started.
◇ Test case passing 1 argument name → "progressive-restart" to independentJPEGReconstructionPayloads(_:) started.
◇ Test case passing 1 argument name → "422" to independentBundlesMatchOriginalJPEGFields(_:) started.
◇ Test case passing 1 argument name → "unicode-q9-m0" to independentCompressedStreams(_:) started.
◇ Test case passing 1 argument name → "unicode-q11-m0" to independentCompressedStreams(_:) started.
◇ Test case passing 1 argument name → "420" to independentBundlesMatchOriginalJPEGFields(_:) started.
◇ Test case passing 1 argument name → "progressive-422" to independentJPEGReconstructionPayloads(_:) started.
◇ Test case passing 1 argument name → "binary-q0-m0" to independentCompressedStreams(_:) started.
◇ Test case passing 1 argument name → "440" to independentBundlesMatchOriginalJPEGFields(_:) started.
◇ Test case passing 1 argument name → "progressive-440" to independentJPEGReconstructionPayloads(_:) started.
◇ Test case passing 1 argument name → "binary-q1-m0" to independentCompressedStreams(_:) started.
◇ Test case passing 1 argument fill → false to longEntropyAndFillRunsHaveBoundedCheckpoints(_:) started.
◇ Test case passing 1 argument name → "progressive" to independentBundlesMatchOriginalJPEGFields(_:) started.
◇ Test case passing 1 argument name → "progressive-dc-refine" to independentJPEGReconstructionPayloads(_:) started.
◇ Test case passing 1 argument name → "binary-q4-m0" to independentCompressedStreams(_:) started.
◇ Test case passing 1 argument name → "restart" to independentBundlesMatchOriginalJPEGFields(_:) started.
◇ Test case passing 1 argument fill → true to longEntropyAndFillRunsHaveBoundedCheckpoints(_:) started.
◇ Test case passing 1 argument name → "sequential-multiscan" to independentJPEGReconstructionPayloads(_:) started.
◇ Test case passing 1 argument name → "sequential-extra-zero" to explicitEntropyVectorsAndIndependentReconstructionAgree(_:) started.
◇ Test case passing 1 argument name → "binary-q6-m0" to independentCompressedStreams(_:) started.
◇ Test case passing 1 argument name → "metadata-tail" to independentBundlesMatchOriginalJPEGFields(_:) started.
◇ Test case passing 1 argument name → "zero-padding" to independentJPEGReconstructionPayloads(_:) started.
◇ Test case passing 1 argument name → "progressive-split" to explicitEntropyVectorsAndIndependentReconstructionAgree(_:) started.
◇ Test case passing 1 argument name → "binary-q9-m0" to independentCompressedStreams(_:) started.
◇ Test case passing 1 argument name → "fill-marker" to independentBundlesMatchOriginalJPEGFields(_:) started.
◇ Test case passing 1 argument name → "binary-q11-m0" to independentCompressedStreams(_:) started.
◇ Test case passing 1 argument name → "progressive-grouped" to explicitEntropyVectorsAndIndependentReconstructionAgree(_:) started.
◇ Test case passing 1 argument name → "progressive-edge" to independentBundlesMatchOriginalJPEGFields(_:) started.
◇ Test case passing 1 argument name → "runs-q0-m0" to independentCompressedStreams(_:) started.
◇ Test case passing 1 argument name → "progressive-restart-split" to explicitEntropyVectorsAndIndependentReconstructionAgree(_:) started.
◇ Test case passing 1 argument name → "progressive-restart" to independentBundlesMatchOriginalJPEGFields(_:) started.
◇ Test case passing 1 argument name → "runs-q1-m0" to independentCompressedStreams(_:) started.
◇ Test case passing 1 argument name → "progressive-band-zero" to explicitEntropyVectorsAndIndependentReconstructionAgree(_:) started.
◇ Test case passing 1 argument name → "progressive-422" to independentBundlesMatchOriginalJPEGFields(_:) started.
◇ Test case passing 1 argument name → "gray" to existingCorpusScansMatchIndependentJBRD(_:) started.
◇ Test case passing 1 argument name → "gray" to pinnedIndependentFixtures(_:) started.
◇ Test case passing 1 argument name → "progressive-440" to independentBundlesMatchOriginalJPEGFields(_:) started.
◇ Test case passing 1 argument name → "runs-q4-m0" to independentCompressedStreams(_:) started.
◇ Test case passing 1 argument name → "444" to existingCorpusScansMatchIndependentJBRD(_:) started.
◇ Test case passing 1 argument name → "444" to pinnedIndependentFixtures(_:) started.
◇ Test case passing 1 argument name → "runs-q6-m0" to independentCompressedStreams(_:) started.
◇ Test case passing 1 argument name → "422" to existingCorpusScansMatchIndependentJBRD(_:) started.
◇ Test case passing 1 argument name → "progressive-dc-refine" to independentBundlesMatchOriginalJPEGFields(_:) started.
◇ Test case passing 1 argument name → "422" to pinnedIndependentFixtures(_:) started.
◇ Test case passing 1 argument name → "sequential-multiscan" to independentBundlesMatchOriginalJPEGFields(_:) started.
◇ Test case passing 1 argument name → "420" to pinnedIndependentFixtures(_:) started.
◇ Test case passing 1 argument name → "420" to existingCorpusScansMatchIndependentJBRD(_:) started.
◇ Test case passing 1 argument name → "runs-q9-m0" to independentCompressedStreams(_:) started.
◇ Test case passing 1 argument name → "440" to pinnedIndependentFixtures(_:) started.
◇ Test case passing 1 argument name → "440" to existingCorpusScansMatchIndependentJBRD(_:) started.
◇ Test case passing 1 argument name → "runs-q11-m0" to independentCompressedStreams(_:) started.
◇ Test case passing 1 argument name → "zero-padding" to independentBundlesMatchOriginalJPEGFields(_:) started.
◇ Test case passing 1 argument name → "progressive" to pinnedIndependentFixtures(_:) started.
◇ Test case passing 1 argument name → "progressive" to existingCorpusScansMatchIndependentJBRD(_:) started.
◇ Test case passing 1 argument name → "runs-q11-m1" to independentCompressedStreams(_:) started.
◇ Test case passing 1 argument name → "restart" to pinnedIndependentFixtures(_:) started.
◇ Test case passing 1 argument data → 6 bytes to malformedFramingThrows(_:) started.
◇ Test case passing 1 argument name → "runs-q11-m2" to independentCompressedStreams(_:) started.
◇ Test case passing 1 argument name → "restart" to existingCorpusScansMatchIndependentJBRD(_:) started.
◇ Test case passing 1 argument name → "metadata-tail" to pinnedIndependentFixtures(_:) started.
◇ Test case passing 1 argument data → 6 bytes to malformedFramingThrows(_:) started.
◇ Test case passing 1 argument name → "mixed-q0-m0" to independentCompressedStreams(_:) started.
◇ Test case passing 1 argument name → "fill-marker" to pinnedIndependentFixtures(_:) started.
◇ Test case passing 1 argument data → 4 bytes to malformedFramingThrows(_:) started.
◇ Test case passing 1 argument name → "mixed-q1-m0" to independentCompressedStreams(_:) started.
◇ Test case passing 1 argument name → "metadata-tail" to existingCorpusScansMatchIndependentJBRD(_:) started.
◇ Test case passing 1 argument name → "mixed-q4-m0" to independentCompressedStreams(_:) started.
◇ Test case passing 1 argument data → 4 bytes to malformedFramingThrows(_:) started.
◇ Test stuffedEntropyReaderChecksWorkAtOddOffsets() started.
◇ Test case passing 1 argument name → "fill-marker" to existingCorpusScansMatchIndependentJBRD(_:) started.
◇ Test case passing 1 argument name → "mixed-q6-m0" to independentCompressedStreams(_:) started.
◇ Test case passing 1 argument data → 4 bytes to malformedFramingThrows(_:) started.
◇ Test slicedLifetimeAndConcurrentOperations() started.
◇ Test case passing 1 argument name → "progressive-edge" to existingCorpusScansMatchIndependentJBRD(_:) started.
◇ Test cancelledOperationHasNoResult() started.
◇ Test case passing 1 argument name → "mixed-q9-m0" to independentCompressedStreams(_:) started.
◇ Test case passing 1 argument data → 3 bytes to malformedFramingThrows(_:) started.
◇ Test cancellationDuringCoefficientWorkThrowsBeforePublication() started.
◇ Test mutatedInputRemainsBoundedAndCannotTrap() started.
◇ Test invalidHuffmanTreesAndBitRequestsThrow() started.
◇ Test case passing 1 argument name → "progressive-restart" to existingCorpusScansMatchIndependentJBRD(_:) started.
◇ Test case passing 1 argument name → "mixed-q11-m0" to independentCompressedStreams(_:) started.
◇ Test wrongRestartSequenceRejects() started.
◇ Test everyProgressivePrefixFailsWithoutPublishingCoefficients() started.
◇ Test case passing 1 argument name → "progressive-422" to existingCorpusScansMatchIndependentJBRD(_:) started.
◇ Test resourceAdmissionAndPaddingLimits() started.
◇ Test allVisibleCoefficientsMatchIndependentLibjpeg(_:) started.
◇ Test nonCanonicalPaddingIsRetained() started.
◇ Test case passing 1 argument name → "streaming-postfix0-direct0" to independentCompressedStreams(_:) started.
◇ Test case passing 1 argument name → "progressive-440" to existingCorpusScansMatchIndependentJBRD(_:) started.
◇ Test case passing 1 argument name → "streaming-postfix1-direct12" to independentCompressedStreams(_:) started.
◇ Test case passing 1 argument name → "progressive-dc-refine" to existingCorpusScansMatchIndependentJBRD(_:) started.
◇ Test case passing 1 argument name → "sequential-multiscan" to existingCorpusScansMatchIndependentJBRD(_:) started.
◇ Test case passing 1 argument name → "streaming-postfix3-direct120" to independentCompressedStreams(_:) started.
◇ Test case passing 1 argument name → "unsorted-three-symbol" to independentCompressedStreams(_:) started.
◇ Test case passing 1 argument name → "all-block-types-mtf0" to independentCompressedStreams(_:) started.
◇ Test case passing 1 argument name → "all-block-types-mtf1" to independentCompressedStreams(_:) started.
◇ Test case passing 1 argument name → "all-short-distances" to independentCompressedStreams(_:) started.
✔ Test nonInterleavedIndicesSkipRightAndBottomPadding() passed after 0.326 seconds.
✔ Test completeVariableLengthCountRange() passed after 0.326 seconds.
✔ Test independentJPEGReconstructionPayloads(_:) with 16 test cases passed after 0.326 seconds.
✔ Test limitsAndCancellationBeforePublication() passed after 0.326 seconds.
✔ Test malformedHeadersAndTruncation() passed after 0.327 seconds.
✔ Test inputOutputMemoryAndDeadlineAdmission() passed after 0.326 seconds.
✔ Test independentlyAcceptedFramingAndMetadata() passed after 0.326 seconds.
✔ Test externalMetadataMustFitExactly() passed after 0.326 seconds.
✔ Test independentBundlesMatchOriginalJPEGFields(_:) with 16 test cases passed after 0.327 seconds.
✔ Test encoderMatchesIndependentBoundaryStreams() passed after 0.327 seconds.
✔ Test malformedAndUnsupportedFramesRejectBeforeAllocation() passed after 0.327 seconds.
✔ Test longEntropyAndFillRunsHaveBoundedCheckpoints(_:) with 2 test cases passed after 0.327 seconds.
✔ Test explicitEntropyVectorsAndIndependentReconstructionAgree(_:) with 5 test cases passed after 0.343 seconds.
✔ Test invalidWriterShapesAndEventLimitsThrow() passed after 0.343 seconds.
✔ Test everyPrefixBeforeEOIIsRejected() passed after 0.343 seconds.
✔ Test pinnedIndependentFixtures(_:) with 9 test cases passed after 0.343 seconds.
✔ Test existingCorpusScansMatchIndependentJBRD(_:) with 15 test cases passed after 0.343 seconds.
✔ Test unrepresentableRefinementZeroRunIsExplicitlyRejected() passed after 0.343 seconds.
✔ Test malformedFramingThrows(_:) with 6 test cases passed after 0.343 seconds.
✔ Test cumulativeEventLimitAdmitsExactBoundaryAndRejectsBeforePublication() passed after 0.343 seconds.
✔ Test slicedInputHasRelativeRangesAndRetainedLifetime() passed after 0.343 seconds.
✔ Test preservesFillScanAndTailWithoutReparsingTail() passed after 0.343 seconds.
✔ Test inputCountAndTimeLimitsAreEnforced() passed after 0.356 seconds.
✔ Test multipleScansRetainEachBoundary() passed after 0.357 seconds.
✔ Test rejectsTruncationTrailingAndWrongExpansion() passed after 0.361 seconds.
✔ Test oddOffsetStuffingCannotSkipCheckpoints() passed after 0.420 seconds.
◇ Test case passing 1 argument name → "gray" to allVisibleCoefficientsMatchIndependentLibjpeg(_:) started.
◇ Test case passing 1 argument name → "444" to allVisibleCoefficientsMatchIndependentLibjpeg(_:) started.
◇ Test case passing 1 argument name → "422" to allVisibleCoefficientsMatchIndependentLibjpeg(_:) started.
◇ Test case passing 1 argument name → "420" to allVisibleCoefficientsMatchIndependentLibjpeg(_:) started.
◇ Test case passing 1 argument name → "440" to allVisibleCoefficientsMatchIndependentLibjpeg(_:) started.
◇ Test case passing 1 argument name → "progressive" to allVisibleCoefficientsMatchIndependentLibjpeg(_:) started.
◇ Test case passing 1 argument name → "restart" to allVisibleCoefficientsMatchIndependentLibjpeg(_:) started.
◇ Test case passing 1 argument name → "metadata-tail" to allVisibleCoefficientsMatchIndependentLibjpeg(_:) started.
◇ Test case passing 1 argument name → "fill-marker" to allVisibleCoefficientsMatchIndependentLibjpeg(_:) started.
◇ Test case passing 1 argument name → "progressive-edge" to allVisibleCoefficientsMatchIndependentLibjpeg(_:) started.
◇ Test case passing 1 argument name → "progressive-restart" to allVisibleCoefficientsMatchIndependentLibjpeg(_:) started.
◇ Test case passing 1 argument name → "progressive-422" to allVisibleCoefficientsMatchIndependentLibjpeg(_:) started.
◇ Test case passing 1 argument name → "progressive-440" to allVisibleCoefficientsMatchIndependentLibjpeg(_:) started.
◇ Test case passing 1 argument name → "progressive-dc-refine" to allVisibleCoefficientsMatchIndependentLibjpeg(_:) started.
◇ Test case passing 1 argument name → "sequential-multiscan" to allVisibleCoefficientsMatchIndependentLibjpeg(_:) started.
✔ Test metadataIdentityLengthAndSurplusAreRejected() passed after 0.471 seconds.
✔ Test storedAndMetadataBlocks() passed after 0.471 seconds.
✔ Test stuffedEntropyReaderChecksWorkAtOddOffsets() passed after 0.397 seconds.
✔ Test cancellationDuringCoefficientWorkThrowsBeforePublication() passed after 0.388 seconds.
✔ Test invalidHuffmanTreesAndBitRequestsThrow() passed after 0.388 seconds.
✔ Test wrongRestartSequenceRejects() passed after 0.360 seconds.
✔ Test resourceAdmissionAndPaddingLimits() passed after 0.345 seconds.
✔ Test malformedContextAndBlockTablesStayBounded() passed after 0.482 seconds.
✔ Test allVisibleCoefficientsMatchIndependentLibjpeg(_:) with 15 test cases passed after 0.345 seconds.
✔ Suite JPEGFrameLayoutTests passed after 0.482 seconds.
✔ Test resourceLimitsAndCancellation() passed after 0.482 seconds.
✔ Test slicedInputAndConcurrentReads() passed after 0.482 seconds.
✔ Test nonCanonicalPaddingIsRetained() passed after 0.346 seconds.
✔ Suite JPEGReconstructionEventTests passed after 0.482 seconds.
✔ Test taskCancellationIsHonoured() passed after 0.482 seconds.
✔ Test cancellationAndBoundedWork() passed after 0.482 seconds.
✔ Test cancelledOperationHasNoResult() passed after 0.390 seconds.
✔ Suite JPEGSegmentReaderTests passed after 0.483 seconds.
✔ Suite BrotliFramingTests passed after 0.483 seconds.
✔ Test slicedLifetimeAndConcurrentOperations() passed after 0.393 seconds.
✔ Test allDictionaryTransformsMatchIndependentReference() passed after 0.545 seconds.
✔ Test headerTruncationsAndMutationsDoNotTrap() passed after 0.583 seconds.
✔ Suite JBRDTests passed after 0.584 seconds.
✔ Test independentCompressedStreams(_:) with 41 test cases passed after 0.620 seconds.
✔ Test mutatedInputRemainsBoundedAndCannotTrap() passed after 0.859 seconds.
✔ Test everyProgressivePrefixFailsWithoutPublishingCoefficients() passed after 0.837 seconds.
✔ Suite JPEGCoefficientTests passed after 0.959 seconds.
BROTLI_COVERAGE modes=15 postfix=15 short=65535 dictionary=100 switches=12 types=2,2,2 trees=6,2 metadata=6 blocks=4
✔ Test compressedFeatureCoverage() passed after 1.375 seconds.
✔ Suite BrotliDecoderTests passed after 1.375 seconds.
✔ Test run with 48 tests in 7 suites passed after 1.376 seconds.
