Building for debugging...
[1 / 14] SwiftJXLCore
[4 / 27] SwiftJXL_SwiftJXLCoreTests
[4 / 25] SwiftJXLCore
[6 / 27] SwiftJXLCore
[14 / 21] SwiftJXLCoreTests-product
[20 / 25] SwiftJXLCoreTests-product
[21 / 27] SwiftJXLCoreTests-product
[22 / 33] SwiftJXLCoreTests-product
[28 / 32] SwiftJXLCoreTests-product
Build complete! (2.69 sec)
◇ Test run started.
↳ Testing Library Version: 2084
↳ Target Platform: arm64e-apple-macos14.0
◇ Suite BrotliFramingTests started.
◇ Suite JBRDTests started.
◇ Suite BrotliDecoderTests started.
◇ Suite JPEGFrameLayoutTests started.
◇ Suite JPEGCoefficientTests started.
◇ Suite JPEGReconstructionEventTests started.
◇ Suite JPEGSegmentReaderTests started.
◇ Test compressedFeatureCoverage() started.
◇ Test encoderMatchesIndependentBoundaryStreams() started.
◇ Test independentCompressedStreams(_:) started.
◇ Test independentJPEGReconstructionPayloads(_:) started.
◇ Test completeVariableLengthCountRange() started.
◇ Test independentBundlesMatchOriginalJPEGFields(_:) started.
◇ Test pinnedIndependentFixtures(_:) started.
◇ Test allVisibleCoefficientsMatchIndependentLibjpeg(_:) started.
◇ Test storedAndMetadataBlocks() started.
◇ Test malformedHeadersAndTruncation() started.
◇ Test nonInterleavedIndicesSkipRightAndBottomPadding() started.
◇ Test slicedInputAndConcurrentReads() started.
◇ Test everyProgressivePrefixFailsWithoutPublishingCoefficients() started.
◇ Test cancellationAndBoundedWork() started.
◇ Test mutatedInputRemainsBoundedAndCannotTrap() started.
◇ Test metadataIdentityLengthAndSurplusAreRejected() started.
◇ Test inputOutputMemoryAndDeadlineAdmission() started.
◇ Test invalidHuffmanTreesAndBitRequestsThrow() started.
◇ Test rejectsTruncationTrailingAndWrongExpansion() started.
◇ Test headerTruncationsAndMutationsDoNotTrap() started.
◇ Test resourceLimitsAndCancellation() started.
◇ Test limitsAndCancellationBeforePublication() started.
◇ Test malformedContextAndBlockTablesStayBounded() started.
◇ Test allDictionaryTransformsMatchIndependentReference() started.
◇ Test stuffedEntropyReaderChecksWorkAtOddOffsets() started.
◇ Test independentlyAcceptedFramingAndMetadata() started.
◇ Test malformedAndUnsupportedFramesRejectBeforeAllocation() started.
◇ Test cancelledOperationHasNoResult() started.
◇ Test existingCorpusScansMatchIndependentJBRD(_:) started.
◇ Test invalidWriterShapesAndEventLimitsThrow() started.
◇ Test externalMetadataMustFitExactly() started.
◇ Test slicedLifetimeAndConcurrentOperations() started.
◇ Test nonCanonicalPaddingIsRetained() started.
◇ Test cumulativeEventLimitAdmitsExactBoundaryAndRejectsBeforePublication() started.
◇ Test explicitEntropyVectorsAndIndependentReconstructionAgree(_:) started.
◇ Test unrepresentableRefinementZeroRunIsExplicitlyRejected() started.
◇ Test case passing 1 argument name → "gray" to independentBundlesMatchOriginalJPEGFields(_:) started.
◇ Test case passing 1 argument name → "gray" to independentJPEGReconstructionPayloads(_:) started.
◇ Test case passing 1 argument name → "444" to independentJPEGReconstructionPayloads(_:) started.
◇ Test case passing 1 argument name → "text-q4-m0" to independentCompressedStreams(_:) started.
◇ Test case passing 1 argument name → "text-q0-m0" to independentCompressedStreams(_:) started.
◇ Test case passing 1 argument name → "text-q1-m0" to independentCompressedStreams(_:) started.
◇ Test case passing 1 argument name → "text-q6-m0" to independentCompressedStreams(_:) started.
◇ Test case passing 1 argument name → "text-q9-m0" to independentCompressedStreams(_:) started.
◇ Test case passing 1 argument name → "444" to independentBundlesMatchOriginalJPEGFields(_:) started.
◇ Test case passing 1 argument name → "422" to independentJPEGReconstructionPayloads(_:) started.
◇ Test case passing 1 argument name → "text-q11-m0" to independentCompressedStreams(_:) started.
◇ Test case passing 1 argument name → "422" to independentBundlesMatchOriginalJPEGFields(_:) started.
◇ Test case passing 1 argument name → "420" to independentJPEGReconstructionPayloads(_:) started.
◇ Test case passing 1 argument name → "text-q11-m1" to independentCompressedStreams(_:) started.
◇ Test case passing 1 argument name → "420" to independentBundlesMatchOriginalJPEGFields(_:) started.
◇ Test case passing 1 argument name → "440" to independentJPEGReconstructionPayloads(_:) started.
◇ Test case passing 1 argument name → "440" to independentBundlesMatchOriginalJPEGFields(_:) started.
◇ Test case passing 1 argument name → "text-q11-m2" to independentCompressedStreams(_:) started.
◇ Test case passing 1 argument name → "progressive" to independentJPEGReconstructionPayloads(_:) started.
◇ Test case passing 1 argument name → "unicode-q0-m0" to independentCompressedStreams(_:) started.
◇ Test case passing 1 argument name → "progressive" to independentBundlesMatchOriginalJPEGFields(_:) started.
◇ Test case passing 1 argument name → "restart" to independentJPEGReconstructionPayloads(_:) started.
◇ Test case passing 1 argument name → "gray" to pinnedIndependentFixtures(_:) started.
◇ Test case passing 1 argument name → "unicode-q1-m0" to independentCompressedStreams(_:) started.
◇ Test case passing 1 argument name → "restart" to independentBundlesMatchOriginalJPEGFields(_:) started.
◇ Test case passing 1 argument name → "metadata-tail" to independentJPEGReconstructionPayloads(_:) started.
◇ Test case passing 1 argument name → "gray" to allVisibleCoefficientsMatchIndependentLibjpeg(_:) started.
◇ Test case passing 1 argument name → "unicode-q4-m0" to independentCompressedStreams(_:) started.
◇ Test case passing 1 argument name → "metadata-tail" to independentBundlesMatchOriginalJPEGFields(_:) started.
◇ Test case passing 1 argument name → "fill-marker" to independentJPEGReconstructionPayloads(_:) started.
◇ Test case passing 1 argument name → "unicode-q6-m0" to independentCompressedStreams(_:) started.
◇ Test case passing 1 argument name → "progressive-edge" to independentJPEGReconstructionPayloads(_:) started.
◇ Test case passing 1 argument name → "fill-marker" to independentBundlesMatchOriginalJPEGFields(_:) started.
◇ Test case passing 1 argument name → "444" to pinnedIndependentFixtures(_:) started.
◇ Test case passing 1 argument name → "unicode-q9-m0" to independentCompressedStreams(_:) started.
◇ Test case passing 1 argument name → "progressive-restart" to independentJPEGReconstructionPayloads(_:) started.
◇ Test case passing 1 argument name → "progressive-edge" to independentBundlesMatchOriginalJPEGFields(_:) started.
◇ Test case passing 1 argument name → "444" to allVisibleCoefficientsMatchIndependentLibjpeg(_:) started.
◇ Test case passing 1 argument name → "unicode-q11-m0" to independentCompressedStreams(_:) started.
◇ Test case passing 1 argument name → "progressive-422" to independentJPEGReconstructionPayloads(_:) started.
◇ Test case passing 1 argument name → "progressive-restart" to independentBundlesMatchOriginalJPEGFields(_:) started.
◇ Test case passing 1 argument name → "binary-q0-m0" to independentCompressedStreams(_:) started.
◇ Test case passing 1 argument name → "progressive-422" to independentBundlesMatchOriginalJPEGFields(_:) started.
◇ Test case passing 1 argument name → "422" to pinnedIndependentFixtures(_:) started.
◇ Test case passing 1 argument name → "progressive-440" to independentJPEGReconstructionPayloads(_:) started.
◇ Test case passing 1 argument name → "progressive-dc-refine" to independentJPEGReconstructionPayloads(_:) started.
◇ Test case passing 1 argument name → "progressive-440" to independentBundlesMatchOriginalJPEGFields(_:) started.
◇ Test case passing 1 argument name → "422" to allVisibleCoefficientsMatchIndependentLibjpeg(_:) started.
◇ Test case passing 1 argument name → "binary-q1-m0" to independentCompressedStreams(_:) started.
◇ Test case passing 1 argument name → "sequential-multiscan" to independentJPEGReconstructionPayloads(_:) started.
◇ Test case passing 1 argument name → "binary-q4-m0" to independentCompressedStreams(_:) started.
◇ Test case passing 1 argument name → "420" to pinnedIndependentFixtures(_:) started.
◇ Test case passing 1 argument name → "zero-padding" to independentJPEGReconstructionPayloads(_:) started.
◇ Test case passing 1 argument name → "binary-q6-m0" to independentCompressedStreams(_:) started.
◇ Test case passing 1 argument name → "420" to allVisibleCoefficientsMatchIndependentLibjpeg(_:) started.
◇ Test case passing 1 argument name → "binary-q9-m0" to independentCompressedStreams(_:) started.
◇ Test case passing 1 argument name → "progressive-dc-refine" to independentBundlesMatchOriginalJPEGFields(_:) started.
◇ Test case passing 1 argument name → "sequential-multiscan" to independentBundlesMatchOriginalJPEGFields(_:) started.
◇ Test case passing 1 argument name → "binary-q11-m0" to independentCompressedStreams(_:) started.
◇ Test case passing 1 argument name → "440" to pinnedIndependentFixtures(_:) started.
◇ Test case passing 1 argument name → "zero-padding" to independentBundlesMatchOriginalJPEGFields(_:) started.
◇ Test case passing 1 argument name → "440" to allVisibleCoefficientsMatchIndependentLibjpeg(_:) started.
◇ Test case passing 1 argument name → "runs-q0-m0" to independentCompressedStreams(_:) started.
◇ Test case passing 1 argument name → "runs-q1-m0" to independentCompressedStreams(_:) started.
◇ Test case passing 1 argument name → "progressive" to pinnedIndependentFixtures(_:) started.
◇ Test case passing 1 argument name → "runs-q4-m0" to independentCompressedStreams(_:) started.
◇ Test case passing 1 argument name → "progressive" to allVisibleCoefficientsMatchIndependentLibjpeg(_:) started.
◇ Test case passing 1 argument name → "runs-q6-m0" to independentCompressedStreams(_:) started.
◇ Test case passing 1 argument name → "runs-q9-m0" to independentCompressedStreams(_:) started.
◇ Test case passing 1 argument name → "restart" to pinnedIndependentFixtures(_:) started.
◇ Test case passing 1 argument name → "restart" to allVisibleCoefficientsMatchIndependentLibjpeg(_:) started.
◇ Test case passing 1 argument name → "runs-q11-m0" to independentCompressedStreams(_:) started.
◇ Test case passing 1 argument name → "runs-q11-m1" to independentCompressedStreams(_:) started.
◇ Test case passing 1 argument name → "runs-q11-m2" to independentCompressedStreams(_:) started.
◇ Test case passing 1 argument name → "metadata-tail" to pinnedIndependentFixtures(_:) started.
◇ Test case passing 1 argument name → "metadata-tail" to allVisibleCoefficientsMatchIndependentLibjpeg(_:) started.
◇ Test case passing 1 argument name → "mixed-q0-m0" to independentCompressedStreams(_:) started.
◇ Test cancellationDuringCoefficientWorkThrowsBeforePublication() started.
◇ Test case passing 1 argument name → "mixed-q1-m0" to independentCompressedStreams(_:) started.
◇ Test resourceAdmissionAndPaddingLimits() started.
◇ Test wrongRestartSequenceRejects() started.
◇ Test case passing 1 argument name → "fill-marker" to pinnedIndependentFixtures(_:) started.
◇ Test case passing 1 argument name → "fill-marker" to allVisibleCoefficientsMatchIndependentLibjpeg(_:) started.
◇ Test case passing 1 argument name → "mixed-q4-m0" to independentCompressedStreams(_:) started.
◇ Test taskCancellationIsHonoured() started.
◇ Test case passing 1 argument name → "mixed-q6-m0" to independentCompressedStreams(_:) started.
◇ Test slicedInputHasRelativeRangesAndRetainedLifetime() started.
◇ Test case passing 1 argument name → "mixed-q9-m0" to independentCompressedStreams(_:) started.
◇ Test case passing 1 argument name → "progressive-edge" to allVisibleCoefficientsMatchIndependentLibjpeg(_:) started.
◇ Test everyPrefixBeforeEOIIsRejected() started.
◇ Test case passing 1 argument name → "mixed-q11-m0" to independentCompressedStreams(_:) started.
◇ Test multipleScansRetainEachBoundary() started.
◇ Test case passing 1 argument name → "streaming-postfix0-direct0" to independentCompressedStreams(_:) started.
◇ Test malformedFramingThrows(_:) started.
◇ Test longEntropyAndFillRunsHaveBoundedCheckpoints(_:) started.
◇ Test case passing 1 argument name → "progressive-restart" to allVisibleCoefficientsMatchIndependentLibjpeg(_:) started.
◇ Test case passing 1 argument name → "streaming-postfix1-direct12" to independentCompressedStreams(_:) started.
◇ Test oddOffsetStuffingCannotSkipCheckpoints() started.
◇ Test preservesFillScanAndTailWithoutReparsingTail() started.
◇ Test case passing 1 argument name → "streaming-postfix3-direct120" to independentCompressedStreams(_:) started.
◇ Test case passing 1 argument name → "unsorted-three-symbol" to independentCompressedStreams(_:) started.
◇ Test case passing 1 argument name → "progressive-422" to allVisibleCoefficientsMatchIndependentLibjpeg(_:) started.
◇ Test inputCountAndTimeLimitsAreEnforced() started.
◇ Test case passing 1 argument name → "all-block-types-mtf0" to independentCompressedStreams(_:) started.
◇ Test case passing 1 argument name → "progressive-440" to allVisibleCoefficientsMatchIndependentLibjpeg(_:) started.
◇ Test case passing 1 argument name → "all-block-types-mtf1" to independentCompressedStreams(_:) started.
◇ Test case passing 1 argument name → "all-short-distances" to independentCompressedStreams(_:) started.
◇ Test case passing 1 argument name → "progressive-dc-refine" to allVisibleCoefficientsMatchIndependentLibjpeg(_:) started.
◇ Test case passing 1 argument name → "gray" to existingCorpusScansMatchIndependentJBRD(_:) started.
◇ Test case passing 1 argument name → "444" to existingCorpusScansMatchIndependentJBRD(_:) started.
◇ Test case passing 1 argument name → "422" to existingCorpusScansMatchIndependentJBRD(_:) started.
◇ Test case passing 1 argument name → "sequential-multiscan" to allVisibleCoefficientsMatchIndependentLibjpeg(_:) started.
◇ Test case passing 1 argument name → "420" to existingCorpusScansMatchIndependentJBRD(_:) started.
◇ Test case passing 1 argument name → "440" to existingCorpusScansMatchIndependentJBRD(_:) started.
◇ Test case passing 1 argument name → "progressive" to existingCorpusScansMatchIndependentJBRD(_:) started.
◇ Test case passing 1 argument name → "restart" to existingCorpusScansMatchIndependentJBRD(_:) started.
◇ Test case passing 1 argument name → "sequential-extra-zero" to explicitEntropyVectorsAndIndependentReconstructionAgree(_:) started.
◇ Test case passing 1 argument name → "metadata-tail" to existingCorpusScansMatchIndependentJBRD(_:) started.
◇ Test case passing 1 argument name → "progressive-split" to explicitEntropyVectorsAndIndependentReconstructionAgree(_:) started.
◇ Test case passing 1 argument name → "fill-marker" to existingCorpusScansMatchIndependentJBRD(_:) started.
◇ Test case passing 1 argument name → "progressive-grouped" to explicitEntropyVectorsAndIndependentReconstructionAgree(_:) started.
◇ Test case passing 1 argument name → "progressive-edge" to existingCorpusScansMatchIndependentJBRD(_:) started.
◇ Test case passing 1 argument name → "progressive-restart" to existingCorpusScansMatchIndependentJBRD(_:) started.
◇ Test case passing 1 argument name → "progressive-restart-split" to explicitEntropyVectorsAndIndependentReconstructionAgree(_:) started.
◇ Test case passing 1 argument name → "progressive-band-zero" to explicitEntropyVectorsAndIndependentReconstructionAgree(_:) started.
◇ Test case passing 1 argument name → "progressive-422" to existingCorpusScansMatchIndependentJBRD(_:) started.
◇ Test case passing 1 argument name → "progressive-440" to existingCorpusScansMatchIndependentJBRD(_:) started.
◇ Test case passing 1 argument name → "progressive-dc-refine" to existingCorpusScansMatchIndependentJBRD(_:) started.
◇ Test case passing 1 argument name → "sequential-multiscan" to existingCorpusScansMatchIndependentJBRD(_:) started.
✔ Test completeVariableLengthCountRange() passed after 1.366 seconds.
✔ Test independentJPEGReconstructionPayloads(_:) with 16 test cases passed after 1.366 seconds.
✔ Test encoderMatchesIndependentBoundaryStreams() passed after 1.366 seconds.
✔ Test independentBundlesMatchOriginalJPEGFields(_:) with 16 test cases passed after 1.366 seconds.
✔ Test malformedHeadersAndTruncation() passed after 1.366 seconds.
✔ Test pinnedIndependentFixtures(_:) with 9 test cases passed after 1.366 seconds.
✔ Test allVisibleCoefficientsMatchIndependentLibjpeg(_:) with 15 test cases passed after 1.366 seconds.
✔ Test nonInterleavedIndicesSkipRightAndBottomPadding() passed after 1.366 seconds.
✔ Test storedAndMetadataBlocks() passed after 1.366 seconds.
✔ Test invalidHuffmanTreesAndBitRequestsThrow() passed after 1.372 seconds.
✔ Test metadataIdentityLengthAndSurplusAreRejected() passed after 1.372 seconds.
✔ Test inputOutputMemoryAndDeadlineAdmission() passed after 1.372 seconds.
✔ Test limitsAndCancellationBeforePublication() passed after 1.372 seconds.
✔ Test rejectsTruncationTrailingAndWrongExpansion() passed after 1.375 seconds.
✔ Test headerTruncationsAndMutationsDoNotTrap() passed after 1.378 seconds.
◇ Test case passing 1 argument data → 6 bytes to malformedFramingThrows(_:) started.
◇ Test case passing 1 argument data → 6 bytes to malformedFramingThrows(_:) started.
◇ Test case passing 1 argument data → 4 bytes to malformedFramingThrows(_:) started.
◇ Test case passing 1 argument data → 4 bytes to malformedFramingThrows(_:) started.
◇ Test case passing 1 argument data → 4 bytes to malformedFramingThrows(_:) started.
◇ Test case passing 1 argument data → 3 bytes to malformedFramingThrows(_:) started.
◇ Test case passing 1 argument fill → false to longEntropyAndFillRunsHaveBoundedCheckpoints(_:) started.
◇ Test case passing 1 argument fill → true to longEntropyAndFillRunsHaveBoundedCheckpoints(_:) started.
✔ Test malformedContextAndBlockTablesStayBounded() passed after 1.383 seconds.
✔ Test independentlyAcceptedFramingAndMetadata() passed after 1.384 seconds.
✔ Test malformedAndUnsupportedFramesRejectBeforeAllocation() passed after 1.383 seconds.
✔ Test stuffedEntropyReaderChecksWorkAtOddOffsets() passed after 1.384 seconds.
✔ Test existingCorpusScansMatchIndependentJBRD(_:) with 15 test cases passed after 1.384 seconds.
✔ Test invalidWriterShapesAndEventLimitsThrow() passed after 1.416 seconds.
✔ Test externalMetadataMustFitExactly() passed after 1.416 seconds.
✔ Test nonCanonicalPaddingIsRetained() passed after 1.416 seconds.
✔ Test cumulativeEventLimitAdmitsExactBoundaryAndRejectsBeforePublication() passed after 1.416 seconds.
✔ Test explicitEntropyVectorsAndIndependentReconstructionAgree(_:) with 5 test cases passed after 1.416 seconds.
✔ Test unrepresentableRefinementZeroRunIsExplicitlyRejected() passed after 1.416 seconds.
✔ Test resourceAdmissionAndPaddingLimits() passed after 1.210 seconds.
✔ Test cancellationDuringCoefficientWorkThrowsBeforePublication() passed after 1.217 seconds.
✔ Test slicedInputHasRelativeRangesAndRetainedLifetime() passed after 1.161 seconds.
✔ Test everyPrefixBeforeEOIIsRejected() passed after 1.138 seconds.
✔ Test multipleScansRetainEachBoundary() passed after 0.474 seconds.
✔ Test malformedFramingThrows(_:) with 6 test cases passed after 0.437 seconds.
✔ Test wrongRestartSequenceRejects() passed after 1.210 seconds.
✔ Test longEntropyAndFillRunsHaveBoundedCheckpoints(_:) with 2 test cases passed after 0.436 seconds.
✔ Test preservesFillScanAndTailWithoutReparsingTail() passed after 0.424 seconds.
✔ Test inputCountAndTimeLimitsAreEnforced() passed after 0.249 seconds.
✔ Suite JPEGFrameLayoutTests passed after 1.429 seconds.
✔ Test slicedInputAndConcurrentReads() passed after 1.428 seconds.
✔ Test cancellationAndBoundedWork() passed after 1.428 seconds.
✔ Test oddOffsetStuffingCannotSkipCheckpoints() passed after 0.425 seconds.
✔ Test cancelledOperationHasNoResult() passed after 1.428 seconds.
✔ Suite JPEGReconstructionEventTests passed after 1.429 seconds.
✔ Test slicedLifetimeAndConcurrentOperations() passed after 1.428 seconds.
✔ Test taskCancellationIsHonoured() passed after 1.167 seconds.
✔ Suite JBRDTests passed after 1.429 seconds.
✔ Suite BrotliFramingTests passed after 1.429 seconds.
✔ Suite JPEGSegmentReaderTests passed after 1.429 seconds.
✔ Test resourceLimitsAndCancellation() passed after 1.441 seconds.
✔ Test allDictionaryTransformsMatchIndependentReference() passed after 1.771 seconds.
✔ Test independentCompressedStreams(_:) with 41 test cases passed after 1.873 seconds.
✔ Test everyProgressivePrefixFailsWithoutPublishingCoefficients() passed after 2.194 seconds.
✔ Test mutatedInputRemainsBoundedAndCannotTrap() passed after 2.257 seconds.
✔ Suite JPEGCoefficientTests passed after 2.257 seconds.
BROTLI_COVERAGE modes=15 postfix=15 short=65535 dictionary=100 switches=12 types=2,2,2 trees=6,2 metadata=6 blocks=4
✔ Test compressedFeatureCoverage() passed after 3.629 seconds.
✔ Suite BrotliDecoderTests passed after 3.629 seconds.
✔ Test run with 48 tests in 7 suites passed after 3.630 seconds.
