Building for debugging...
Build complete! (0.31 sec)
◇ Test run started.
↳ Testing Library Version: 2084
↳ Target Platform: arm64e-apple-macos14.0
◇ Suite JPEGCoefficientTests started.
◇ Suite JBRDTests started.
◇ Suite JPEGSegmentReaderTests started.
◇ Suite BrotliFramingTests started.
◇ Suite JPEGFrameLayoutTests started.
◇ Test mutatedInputRemainsBoundedAndCannotTrap() started.
◇ Test invalidWriterShapesAndEventLimitsThrow() started.
◇ Test headerTruncationsAndMutationsDoNotTrap() started.
◇ Test independentBundlesMatchOriginalJPEGFields(_:) started.
◇ Test malformedFramingThrows(_:) started.
◇ Test externalMetadataMustFitExactly() started.
◇ Test slicedInputAndConcurrentReads() started.
◇ Test oddOffsetStuffingCannotSkipCheckpoints() started.
◇ Test invalidHuffmanTreesAndBitRequestsThrow() started.
◇ Test preservesFillScanAndTailWithoutReparsingTail() started.
◇ Test slicedInputHasRelativeRangesAndRetainedLifetime() started.
◇ Test taskCancellationIsHonoured() started.
◇ Test limitsAndCancellationBeforePublication() started.
◇ Test longEntropyAndFillRunsHaveBoundedCheckpoints(_:) started.
◇ Test cancellationDuringCoefficientWorkThrowsBeforePublication() started.
◇ Test resourceAdmissionAndPaddingLimits() started.
◇ Test nonCanonicalPaddingIsRetained() started.
◇ Test allVisibleCoefficientsMatchIndependentLibjpeg(_:) started.
◇ Test cancelledOperationHasNoResult() started.
◇ Test wrongRestartSequenceRejects() started.
◇ Test inputCountAndTimeLimitsAreEnforced() started.
◇ Test everyPrefixBeforeEOIIsRejected() started.
◇ Test slicedLifetimeAndConcurrentOperations() started.
◇ Test metadataIdentityLengthAndSurplusAreRejected() started.
◇ Test stuffedEntropyReaderChecksWorkAtOddOffsets() started.
◇ Test multipleScansRetainEachBoundary() started.
◇ Test nonInterleavedIndicesSkipRightAndBottomPadding() started.
◇ Test encoderMatchesIndependentBoundaryStreams() started.
◇ Test independentlyAcceptedFramingAndMetadata() started.
◇ Test malformedHeadersAndTruncation() started.
◇ Test everyProgressivePrefixFailsWithoutPublishingCoefficients() started.
◇ Test malformedAndUnsupportedFramesRejectBeforeAllocation() started.
◇ Test inputOutputMemoryAndDeadlineAdmission() started.
◇ Test case passing 1 argument data → 6 bytes to malformedFramingThrows(_:) started.
◇ Test case passing 1 argument data → 6 bytes to malformedFramingThrows(_:) started.
◇ Test pinnedIndependentFixtures(_:) started.
◇ Test case passing 1 argument data → 4 bytes to malformedFramingThrows(_:) started.
◇ Test completeVariableLengthCountRange() started.
◇ Test case passing 1 argument data → 4 bytes to malformedFramingThrows(_:) started.
◇ Test case passing 1 argument name → "gray" to independentBundlesMatchOriginalJPEGFields(_:) started.
◇ Test case passing 1 argument data → 4 bytes to malformedFramingThrows(_:) started.
◇ Test case passing 1 argument data → 3 bytes to malformedFramingThrows(_:) started.
◇ Test cancellationAndBoundedWork() started.
◇ Test case passing 1 argument name → "444" to independentBundlesMatchOriginalJPEGFields(_:) started.
◇ Test case passing 1 argument name → "422" to independentBundlesMatchOriginalJPEGFields(_:) started.
◇ Test case passing 1 argument fill → false to longEntropyAndFillRunsHaveBoundedCheckpoints(_:) started.
◇ Test case passing 1 argument fill → true to longEntropyAndFillRunsHaveBoundedCheckpoints(_:) started.
◇ Test case passing 1 argument name → "420" to independentBundlesMatchOriginalJPEGFields(_:) started.
◇ Test case passing 1 argument name → "440" to independentBundlesMatchOriginalJPEGFields(_:) started.
◇ Test case passing 1 argument name → "progressive" to independentBundlesMatchOriginalJPEGFields(_:) started.
◇ Test case passing 1 argument name → "restart" to independentBundlesMatchOriginalJPEGFields(_:) started.
◇ Test case passing 1 argument name → "gray" to allVisibleCoefficientsMatchIndependentLibjpeg(_:) started.
◇ Test case passing 1 argument name → "444" to allVisibleCoefficientsMatchIndependentLibjpeg(_:) started.
◇ Test case passing 1 argument name → "metadata-tail" to independentBundlesMatchOriginalJPEGFields(_:) started.
◇ Test case passing 1 argument name → "422" to allVisibleCoefficientsMatchIndependentLibjpeg(_:) started.
◇ Test case passing 1 argument name → "fill-marker" to independentBundlesMatchOriginalJPEGFields(_:) started.
◇ Test case passing 1 argument name → "progressive-edge" to independentBundlesMatchOriginalJPEGFields(_:) started.
◇ Test case passing 1 argument name → "progressive-restart" to independentBundlesMatchOriginalJPEGFields(_:) started.
◇ Test case passing 1 argument name → "420" to allVisibleCoefficientsMatchIndependentLibjpeg(_:) started.
◇ Test case passing 1 argument name → "progressive-422" to independentBundlesMatchOriginalJPEGFields(_:) started.
◇ Test case passing 1 argument name → "progressive-440" to independentBundlesMatchOriginalJPEGFields(_:) started.
◇ Test case passing 1 argument name → "progressive-dc-refine" to independentBundlesMatchOriginalJPEGFields(_:) started.
◇ Test case passing 1 argument name → "sequential-multiscan" to independentBundlesMatchOriginalJPEGFields(_:) started.
◇ Test case passing 1 argument name → "440" to allVisibleCoefficientsMatchIndependentLibjpeg(_:) started.
◇ Test case passing 1 argument name → "zero-padding" to independentBundlesMatchOriginalJPEGFields(_:) started.
◇ Test case passing 1 argument name → "progressive" to allVisibleCoefficientsMatchIndependentLibjpeg(_:) started.
◇ Test case passing 1 argument name → "restart" to allVisibleCoefficientsMatchIndependentLibjpeg(_:) started.
◇ Test case passing 1 argument name → "metadata-tail" to allVisibleCoefficientsMatchIndependentLibjpeg(_:) started.
◇ Test case passing 1 argument name → "fill-marker" to allVisibleCoefficientsMatchIndependentLibjpeg(_:) started.
◇ Test case passing 1 argument name → "progressive-edge" to allVisibleCoefficientsMatchIndependentLibjpeg(_:) started.
◇ Test case passing 1 argument name → "progressive-restart" to allVisibleCoefficientsMatchIndependentLibjpeg(_:) started.
◇ Test case passing 1 argument name → "progressive-422" to allVisibleCoefficientsMatchIndependentLibjpeg(_:) started.
◇ Test case passing 1 argument name → "progressive-440" to allVisibleCoefficientsMatchIndependentLibjpeg(_:) started.
◇ Test case passing 1 argument name → "progressive-dc-refine" to allVisibleCoefficientsMatchIndependentLibjpeg(_:) started.
◇ Test case passing 1 argument name → "sequential-multiscan" to allVisibleCoefficientsMatchIndependentLibjpeg(_:) started.
◇ Test case passing 1 argument name → "gray" to pinnedIndependentFixtures(_:) started.
◇ Test case passing 1 argument name → "444" to pinnedIndependentFixtures(_:) started.
◇ Test case passing 1 argument name → "422" to pinnedIndependentFixtures(_:) started.
◇ Test case passing 1 argument name → "420" to pinnedIndependentFixtures(_:) started.
◇ Test case passing 1 argument name → "440" to pinnedIndependentFixtures(_:) started.
◇ Test case passing 1 argument name → "progressive" to pinnedIndependentFixtures(_:) started.
◇ Test case passing 1 argument name → "restart" to pinnedIndependentFixtures(_:) started.
◇ Test case passing 1 argument name → "metadata-tail" to pinnedIndependentFixtures(_:) started.
◇ Test case passing 1 argument name → "fill-marker" to pinnedIndependentFixtures(_:) started.
✔ Test invalidHuffmanTreesAndBitRequestsThrow() passed after 0.023 seconds.
✔ Test malformedFramingThrows(_:) with 6 test cases passed after 0.023 seconds.
✔ Test slicedInputHasRelativeRangesAndRetainedLifetime() passed after 0.023 seconds.
✔ Test preservesFillScanAndTailWithoutReparsingTail() passed after 0.023 seconds.
✔ Test externalMetadataMustFitExactly() passed after 0.023 seconds.
✔ Test longEntropyAndFillRunsHaveBoundedCheckpoints(_:) with 2 test cases passed after 0.023 seconds.
✔ Test oddOffsetStuffingCannotSkipCheckpoints() passed after 0.023 seconds.
✔ Test limitsAndCancellationBeforePublication() passed after 0.023 seconds.
✔ Test resourceAdmissionAndPaddingLimits() passed after 0.023 seconds.
✔ Test cancellationDuringCoefficientWorkThrowsBeforePublication() passed after 0.023 seconds.
✔ Test independentBundlesMatchOriginalJPEGFields(_:) with 16 test cases passed after 0.024 seconds.
✔ Test wrongRestartSequenceRejects() passed after 0.023 seconds.
✔ Test inputCountAndTimeLimitsAreEnforced() passed after 0.023 seconds.
✔ Test nonCanonicalPaddingIsRetained() passed after 0.023 seconds.
✔ Test everyPrefixBeforeEOIIsRejected() passed after 0.023 seconds.
✔ Test metadataIdentityLengthAndSurplusAreRejected() passed after 0.023 seconds.
✔ Test nonInterleavedIndicesSkipRightAndBottomPadding() passed after 0.023 seconds.
✔ Test multipleScansRetainEachBoundary() passed after 0.023 seconds.
✔ Test encoderMatchesIndependentBoundaryStreams() passed after 0.024 seconds.
✔ Test invalidWriterShapesAndEventLimitsThrow() passed after 0.024 seconds.
✔ Test malformedHeadersAndTruncation() passed after 0.024 seconds.
✔ Test inputOutputMemoryAndDeadlineAdmission() passed after 0.024 seconds.
✔ Test malformedAndUnsupportedFramesRejectBeforeAllocation() passed after 0.024 seconds.
✔ Test pinnedIndependentFixtures(_:) with 9 test cases passed after 0.024 seconds.
✔ Test stuffedEntropyReaderChecksWorkAtOddOffsets() passed after 0.024 seconds.
✔ Test completeVariableLengthCountRange() passed after 0.023 seconds.
✔ Test taskCancellationIsHonoured() passed after 0.024 seconds.
✔ Test slicedInputAndConcurrentReads() passed after 0.024 seconds.
✔ Suite JPEGFrameLayoutTests passed after 0.025 seconds.
✔ Test cancelledOperationHasNoResult() passed after 0.024 seconds.
✔ Test allVisibleCoefficientsMatchIndependentLibjpeg(_:) with 15 test cases passed after 0.024 seconds.
✔ Test independentlyAcceptedFramingAndMetadata() passed after 0.024 seconds.
✔ Suite JPEGSegmentReaderTests passed after 0.025 seconds.
✔ Test cancellationAndBoundedWork() passed after 0.023 seconds.
✔ Suite BrotliFramingTests passed after 0.025 seconds.
✔ Test slicedLifetimeAndConcurrentOperations() passed after 0.026 seconds.
✔ Test headerTruncationsAndMutationsDoNotTrap() passed after 0.085 seconds.
✔ Suite JBRDTests passed after 0.085 seconds.
✔ Test everyProgressivePrefixFailsWithoutPublishingCoefficients() passed after 0.256 seconds.
✔ Test mutatedInputRemainsBoundedAndCannotTrap() passed after 0.263 seconds.
✔ Suite JPEGCoefficientTests passed after 0.263 seconds.
✔ Test run with 36 tests in 5 suites passed after 0.263 seconds.
