Building for debugging...
[Planning deferred tasks]
[11 / 44] SwiftJXL_SwiftJXLCoreTests
[11 / 46] SwiftJXLCore
[14 / 52] SwiftJXLCore
[15 / 52] SwiftJXLCore
[16 / 52] SwiftJXLCore
[17 / 52] SwiftJXLCore
[25 / 65] SwiftJXLCore
[26 / 65] SwiftJXL
[27 / 65] SwiftJXLCore
[31 / 65] SwiftJXL
[32 / 65] SwiftJXL
[37 / 67] swiftjxl-cli-product
[40 / 69] swiftjxl-cli-product
[41 / 69] SwiftJXL
[43 / 69] swiftjxl-cli-product
[44 / 71] swiftjxl-cli-product
[52 / 67] SwiftJXLCoreTests-product
[53 / 77] SwiftJXLCoreTests-product
[55 / 88] SwiftJXLCoreTests-product
[56 / 88] SwiftJXLTests-product
[66 / 87] SwiftJXLTests-product
[68 / 87] SwiftJXLCoreTests-product
[69 / 87] SwiftJXLCoreTests-product
[71 / 87] SwiftJXLCoreTests-product
[74 / 87] SwiftJXLCoreTests-product
[75 / 87] SwiftJXLCoreTests-product
[77 / 87] SwiftJXLCoreTests-product
[78 / 87] SwiftJXLCoreTests-product
[79 / 87] SwiftJXLCoreTests-product
[80 / 87] SwiftJXLCoreTests-product
[84 / 90] SwiftJXLCoreTests-product
[86 / 90] SwiftJXLCoreTests-product
Build complete! (6.23 sec)
◇ Test run started.
↳ Testing Library Version: 2084
↳ Target Platform: arm64e-apple-macos14.0
◇ Suite JPEGSegmentReaderTests started.
◇ Suite JBRDTests started.
◇ Suite JPEGFrameLayoutTests started.
◇ Suite JPEGCoefficientTests started.
◇ Suite BrotliFramingTests started.
◇ Test externalMetadataMustFitExactly() started.
◇ Test nonInterleavedIndicesSkipRightAndBottomPadding() started.
◇ Test slicedInputAndConcurrentReads() started.
◇ Test headerTruncationsAndMutationsDoNotTrap() started.
◇ Test invalidWriterShapesAndEventLimitsThrow() started.
◇ Test metadataIdentityLengthAndSurplusAreRejected() started.
◇ Test malformedAndUnsupportedFramesRejectBeforeAllocation() started.
◇ Test limitsAndCancellationBeforePublication() started.
◇ Test pinnedIndependentFixtures(_:) started.
◇ Test everyProgressivePrefixFailsWithoutPublishingCoefficients() started.
◇ Test independentBundlesMatchOriginalJPEGFields(_:) started.
◇ Test inputOutputMemoryAndDeadlineAdmission() started.
◇ Test completeVariableLengthCountRange() started.
◇ Test independentlyAcceptedFramingAndMetadata() started.
◇ Test cancelledOperationHasNoResult() started.
◇ Test malformedHeadersAndTruncation() started.
◇ Test mutatedInputRemainsBoundedAndCannotTrap() started.
◇ Test slicedLifetimeAndConcurrentOperations() started.
◇ Test resourceAdmissionAndPaddingLimits() started.
◇ Test stuffedEntropyReaderChecksWorkAtOddOffsets() started.
◇ Test invalidHuffmanTreesAndBitRequestsThrow() started.
◇ Test wrongRestartSequenceRejects() started.
◇ Test encoderMatchesIndependentBoundaryStreams() started.
◇ Test everyPrefixBeforeEOIIsRejected() started.
◇ Test cancellationDuringCoefficientWorkThrowsBeforePublication() started.
◇ Test allVisibleCoefficientsMatchIndependentLibjpeg(_:) started.
◇ Test longEntropyAndFillRunsHaveBoundedCheckpoints(_:) started.
◇ Test multipleScansRetainEachBoundary() started.
◇ Test nonCanonicalPaddingIsRetained() started.
◇ Test slicedInputHasRelativeRangesAndRetainedLifetime() started.
◇ Test cancellationAndBoundedWork() started.
◇ Test case passing 1 argument name → "gray" to pinnedIndependentFixtures(_:) started.
◇ Test case passing 1 argument name → "444" to pinnedIndependentFixtures(_:) started.
◇ Test malformedFramingThrows(_:) started.
◇ Test preservesFillScanAndTailWithoutReparsingTail() started.
◇ Test taskCancellationIsHonoured() started.
◇ Test case passing 1 argument name → "422" to pinnedIndependentFixtures(_:) started.
◇ Test case passing 1 argument name → "420" to pinnedIndependentFixtures(_:) started.
◇ Test case passing 1 argument name → "gray" to independentBundlesMatchOriginalJPEGFields(_:) started.
◇ Test case passing 1 argument name → "440" to pinnedIndependentFixtures(_:) started.
◇ Test case passing 1 argument name → "444" to independentBundlesMatchOriginalJPEGFields(_:) started.
◇ Test case passing 1 argument name → "progressive" to pinnedIndependentFixtures(_:) started.
◇ Test case passing 1 argument name → "422" to independentBundlesMatchOriginalJPEGFields(_:) started.
◇ Test case passing 1 argument name → "restart" to pinnedIndependentFixtures(_:) started.
◇ Test case passing 1 argument name → "420" to independentBundlesMatchOriginalJPEGFields(_:) started.
◇ Test case passing 1 argument name → "metadata-tail" to pinnedIndependentFixtures(_:) started.
◇ Test case passing 1 argument name → "440" to independentBundlesMatchOriginalJPEGFields(_:) started.
◇ Test case passing 1 argument name → "fill-marker" to pinnedIndependentFixtures(_:) started.
◇ Test case passing 1 argument name → "progressive" to independentBundlesMatchOriginalJPEGFields(_:) started.
◇ Test inputCountAndTimeLimitsAreEnforced() started.
◇ Test case passing 1 argument name → "restart" to independentBundlesMatchOriginalJPEGFields(_:) started.
◇ Test case passing 1 argument name → "metadata-tail" to independentBundlesMatchOriginalJPEGFields(_:) started.
◇ Test case passing 1 argument name → "fill-marker" to independentBundlesMatchOriginalJPEGFields(_:) started.
◇ Test case passing 1 argument name → "progressive-edge" to independentBundlesMatchOriginalJPEGFields(_:) started.
◇ Test case passing 1 argument name → "progressive-restart" to independentBundlesMatchOriginalJPEGFields(_:) started.
◇ Test case passing 1 argument name → "progressive-422" to independentBundlesMatchOriginalJPEGFields(_:) started.
◇ Test case passing 1 argument name → "progressive-440" to independentBundlesMatchOriginalJPEGFields(_:) started.
◇ Test case passing 1 argument name → "progressive-dc-refine" to independentBundlesMatchOriginalJPEGFields(_:) started.
◇ Test oddOffsetStuffingCannotSkipCheckpoints() started.
◇ Test case passing 1 argument name → "sequential-multiscan" to independentBundlesMatchOriginalJPEGFields(_:) started.
◇ Test case passing 1 argument name → "zero-padding" to independentBundlesMatchOriginalJPEGFields(_:) started.
◇ Test case passing 1 argument fill → false to longEntropyAndFillRunsHaveBoundedCheckpoints(_:) started.
◇ Test case passing 1 argument name → "gray" to allVisibleCoefficientsMatchIndependentLibjpeg(_:) started.
◇ Test case passing 1 argument fill → true to longEntropyAndFillRunsHaveBoundedCheckpoints(_:) started.
◇ Test case passing 1 argument name → "444" to allVisibleCoefficientsMatchIndependentLibjpeg(_:) started.
◇ Test case passing 1 argument name → "422" to allVisibleCoefficientsMatchIndependentLibjpeg(_:) started.
◇ Test case passing 1 argument name → "420" to allVisibleCoefficientsMatchIndependentLibjpeg(_:) started.
◇ Test case passing 1 argument name → "440" to allVisibleCoefficientsMatchIndependentLibjpeg(_:) started.
◇ Test case passing 1 argument name → "progressive" to allVisibleCoefficientsMatchIndependentLibjpeg(_:) started.
◇ Test case passing 1 argument name → "restart" to allVisibleCoefficientsMatchIndependentLibjpeg(_:) started.
◇ Test case passing 1 argument name → "metadata-tail" to allVisibleCoefficientsMatchIndependentLibjpeg(_:) started.
✔ Test nonInterleavedIndicesSkipRightAndBottomPadding() passed after 0.049 seconds.
◇ Test case passing 1 argument name → "fill-marker" to allVisibleCoefficientsMatchIndependentLibjpeg(_:) started.
◇ Test case passing 1 argument name → "progressive-edge" to allVisibleCoefficientsMatchIndependentLibjpeg(_:) started.
◇ Test case passing 1 argument name → "progressive-restart" to allVisibleCoefficientsMatchIndependentLibjpeg(_:) started.
◇ Test case passing 1 argument name → "progressive-422" to allVisibleCoefficientsMatchIndependentLibjpeg(_:) started.
◇ Test case passing 1 argument name → "progressive-440" to allVisibleCoefficientsMatchIndependentLibjpeg(_:) started.
◇ Test case passing 1 argument name → "progressive-dc-refine" to allVisibleCoefficientsMatchIndependentLibjpeg(_:) started.
◇ Test case passing 1 argument name → "sequential-multiscan" to allVisibleCoefficientsMatchIndependentLibjpeg(_:) started.
✔ Test malformedAndUnsupportedFramesRejectBeforeAllocation() passed after 0.055 seconds.
◇ Test case passing 1 argument data → 6 bytes to malformedFramingThrows(_:) started.
◇ Test case passing 1 argument data → 6 bytes to malformedFramingThrows(_:) started.
◇ Test case passing 1 argument data → 4 bytes to malformedFramingThrows(_:) started.
◇ Test case passing 1 argument data → 4 bytes to malformedFramingThrows(_:) started.
◇ Test case passing 1 argument data → 4 bytes to malformedFramingThrows(_:) started.
◇ Test case passing 1 argument data → 3 bytes to malformedFramingThrows(_:) started.
✔ Test externalMetadataMustFitExactly() passed after 0.057 seconds.
✔ Test limitsAndCancellationBeforePublication() passed after 0.057 seconds.
✔ Test pinnedIndependentFixtures(_:) with 9 test cases passed after 0.057 seconds.
✔ Test metadataIdentityLengthAndSurplusAreRejected() passed after 0.059 seconds.
✔ Test independentBundlesMatchOriginalJPEGFields(_:) with 16 test cases passed after 0.059 seconds.
✔ Test inputOutputMemoryAndDeadlineAdmission() passed after 0.059 seconds.
✔ Test completeVariableLengthCountRange() passed after 0.059 seconds.
✔ Test invalidWriterShapesAndEventLimitsThrow() passed after 0.059 seconds.
✔ Test independentlyAcceptedFramingAndMetadata() passed after 0.059 seconds.
✔ Test resourceAdmissionAndPaddingLimits() passed after 0.059 seconds.
✔ Test invalidHuffmanTreesAndBitRequestsThrow() passed after 0.059 seconds.
✔ Test encoderMatchesIndependentBoundaryStreams() passed after 0.059 seconds.
✔ Test wrongRestartSequenceRejects() passed after 0.059 seconds.
✔ Test cancellationDuringCoefficientWorkThrowsBeforePublication() passed after 0.059 seconds.
✔ Test longEntropyAndFillRunsHaveBoundedCheckpoints(_:) with 2 test cases passed after 0.061 seconds.
✔ Test multipleScansRetainEachBoundary() passed after 0.061 seconds.
✔ Test everyPrefixBeforeEOIIsRejected() passed after 0.061 seconds.
✔ Test allVisibleCoefficientsMatchIndependentLibjpeg(_:) with 15 test cases passed after 0.061 seconds.
✔ Test malformedHeadersAndTruncation() passed after 0.062 seconds.
✔ Test slicedInputHasRelativeRangesAndRetainedLifetime() passed after 0.061 seconds.
✔ Test nonCanonicalPaddingIsRetained() passed after 0.061 seconds.
✔ Test malformedFramingThrows(_:) with 6 test cases passed after 0.061 seconds.
✔ Test preservesFillScanAndTailWithoutReparsingTail() passed after 0.061 seconds.
✔ Test inputCountAndTimeLimitsAreEnforced() passed after 0.052 seconds.
✔ Suite JPEGFrameLayoutTests passed after 0.066 seconds.
✔ Test slicedInputAndConcurrentReads() passed after 0.066 seconds.
✔ Test cancelledOperationHasNoResult() passed after 0.066 seconds.
✔ Test taskCancellationIsHonoured() passed after 0.065 seconds.
✔ Test slicedLifetimeAndConcurrentOperations() passed after 0.067 seconds.
✔ Test cancellationAndBoundedWork() passed after 0.069 seconds.
✔ Suite BrotliFramingTests passed after 0.070 seconds.
✔ Test stuffedEntropyReaderChecksWorkAtOddOffsets() passed after 0.075 seconds.
✔ Test oddOffsetStuffingCannotSkipCheckpoints() passed after 0.056 seconds.
✔ Suite JPEGSegmentReaderTests passed after 0.082 seconds.
✔ Test headerTruncationsAndMutationsDoNotTrap() passed after 0.326 seconds.
✔ Suite JBRDTests passed after 0.327 seconds.
✔ Test everyProgressivePrefixFailsWithoutPublishingCoefficients() passed after 1.017 seconds.
✔ Test mutatedInputRemainsBoundedAndCannotTrap() passed after 1.102 seconds.
✔ Suite JPEGCoefficientTests passed after 1.103 seconds.
✔ Test run with 36 tests in 5 suites passed after 1.103 seconds.
